[learn.foundry.com/modo/developers/latest/sdk/index.html]
[backblue.gif]
[fade.gif]
[index.html]
[learn.foundry.com/modo/developers/latest/sdk/_static/js/modernizr.min.js]
[learn.foundry.com/modo/developers/latest/sdk/_static/documentation_options.js]
[learn.foundry.com/modo/developers/latest/sdk/_static/jquery.js]
[learn.foundry.com/modo/developers/latest/sdk/_static/underscore.js]
[learn.foundry.com/modo/developers/latest/sdk/_static/doctools.js]
[learn.foundry.com/modo/developers/latest/sdk/_static/language_data.js]
[learn.foundry.com/modo/developers/latest/sdk/_static/js/contentui.js]
[learn.foundry.com/modo/developers/latest/sdk/_static/js/theme.js]
[learn.foundry.com/modo/developers/latest/sdk/index.html]
[learn.foundry.com/modo/developers/latest/sdk/genindex.html]
[learn.foundry.com/modo/developers/latest/sdk/_static/searchtools.js]
[learn.foundry.com/modo/developers/latest/sdk/searchindex.js]
[learn.foundry.com/modo/developers/latest/sdk/search.html]
[learn.foundry.com/modo/developers/latest/sdk/pages/starting/_starting.html]
[learn.foundry.com/modo/developers/latest/sdk/pages/server_basics/_server_basics.html]
[learn.foundry.com/modo/developers/latest/sdk/pages/general/_general.html]
[learn.foundry.com/modo/developers/latest/sdk/pages/ui/_ui.html]
[learn.foundry.com/modo/developers/latest/sdk/pages/scripting/_scripting.html]
[learn.foundry.com/modo/developers/latest/sdk/pages/faqs/_faqs.html]
[learn.foundry.com/modo/developers/latest/sdk/pages/tutorials/_tutorials.html]
[learn.foundry.com/modo/developers/latest/sdk/pages/examples/_examples.html]
[learn.foundry.com/modo/developers/latest/sdk/python/python.html]
[learn.foundry.com/modo/developers/latest/sdk/cpp/cpp.html]
[learn.foundry.com/modo/developers/latest/sdk/cpp/_rst/lxd_com.html]
[learn.foundry.com/modo/developers/latest/sdk/python/_rst/Object.html]
[learn.foundry.com/modo/developers/latest/sdk/python/_rst/Service.html]
[learn.foundry.com/modo/developers/latest/sdk/python/_rst/Attrdesc.html]
[learn.foundry.com/modo/developers/latest/sdk/python/_rst/Command.html]
[learn.foundry.com/modo/developers/latest/sdk/python/_rst/Meta.chanmod.html]
[learn.foundry.com/modo/developers/latest/sdk/python/_rst/Meta.channel.html]
[learn.foundry.com/modo/developers/latest/sdk/python/_rst/Meta.command.html]
[learn.foundry.com/modo/developers/latest/sdk/python/_rst/Meta.drop.html]
[learn.foundry.com/modo/developers/latest/sdk/python/_rst/Meta.falloff.html]
[learn.foundry.com/modo/developers/latest/sdk/python/_rst/Meta.modifier.html]
[learn.foundry.com/modo/developers/latest/sdk/python/_rst/Meta.package.html]
[learn.foundry.com/modo/developers/latest/sdk/python/_rst/Meta.schematic.html]
[learn.foundry.com/modo/developers/latest/sdk/python/_rst/Meta.select.html]
[learn.foundry.com/modo/developers/latest/sdk/python/_rst/Package.html]
[learn.foundry.com/modo/developers/latest/sdk/python/_rst/Select.html]
[learn.foundry.com/modo/developers/latest/sdk/python/_rst/Attributes.html]
[learn.foundry.com/modo/developers/latest/sdk/cpp/_rst/lxd_thread.html]
[learn.foundry.com/modo/developers/latest/sdk/cpp/_rst/lxd_item.html]
[learn.foundry.com/modo/developers/latest/sdk/cpp/_rst/lxd_listener.html]
[learn.foundry.com/modo/developers/latest/sdk/cpp/_rst/lxd_actionclip.html]
[learn.foundry.com/modo/developers/latest/sdk/cpp/_rst/lxd_seltypes.html]
[learn.foundry.com/modo/developers/latest/sdk/cpp/_rst/lxd_action.html]
[learn.foundry.com/modo/developers/latest/sdk/cpp/_rst/lxd_package.html]
[learn.foundry.com/modo/developers/latest/sdk/cpp/_rst/lxd_drop.html]
[learn.foundry.com/modo/developers/latest/sdk/cpp/_rst/lxd_vmodel.html]
[learn.foundry.com/modo/developers/latest/sdk/cpp/_rst/lxd_anim.html]
[learn.foundry.com/modo/developers/latest/sdk/cpp/_rst/lxd_scripts.html]
[learn.foundry.com/modo/developers/latest/sdk/cpp/_rst/lxd_value.html]
[learn.foundry.com/modo/developers/latest/sdk/cpp/_rst/lxd_stddialog.html]
[learn.foundry.com/modo/developers/latest/sdk/cpp/_rst/lxd_command.html]
[learn.foundry.com/modo/developers/latest/sdk/cpp/_rst/lxd_tool.html]
[learn.foundry.com/modo/developers/latest/sdk/cpp/_rst/lxd_media.html]
[learn.foundry.com/modo/developers/latest/sdk/cpp/_rst/lxd_audio.html]
[learn.foundry.com/modo/developers/latest/sdk/cpp/_rst/lxd_message.html]
[learn.foundry.com/modo/developers/latest/sdk/cpp/_rst/lxd_dirbrowse.html]
[learn.foundry.com/modo/developers/latest/sdk/cpp/_rst/lxd_io.html]
[learn.foundry.com/modo/developers/latest/sdk/cpp/_rst/lxd_rndjob.html]
[learn.foundry.com/modo/developers/latest/sdk/cpp/_rst/lxd_filter.html]
[learn.foundry.com/modo/developers/latest/sdk/cpp/_rst/lxd_itemui.html]
[learn.foundry.com/modo/developers/latest/sdk/cpp/_rst/lxd_chanmod.html]
[learn.foundry.com/modo/developers/latest/sdk/cpp/_rst/lxd_channelui.html]
[learn.foundry.com/modo/developers/latest/sdk/cpp/_rst/lxd_cliped.html]
[learn.foundry.com/modo/developers/latest/sdk/cpp/_rst/lxd_vmath.html]
[learn.foundry.com/modo/developers/latest/sdk/cpp/_rst/lxd_color.html]
[learn.foundry.com/modo/developers/latest/sdk/cpp/_rst/lxd_colormapping.html]
[learn.foundry.com/modo/developers/latest/sdk/cpp/_rst/lxd_predest.html]
[learn.foundry.com/modo/developers/latest/sdk/cpp/_rst/lxd_shade.html]
[learn.foundry.com/modo/developers/latest/sdk/cpp/_rst/lxd_surface.html]
[learn.foundry.com/modo/developers/latest/sdk/cpp/_rst/lxd_customview.html]
[learn.foundry.com/modo/developers/latest/sdk/cpp/_rst/lxd_deform.html]
[learn.foundry.com/modo/developers/latest/sdk/cpp/_rst/lxd_drawover.html]
[learn.foundry.com/modo/developers/latest/sdk/cpp/_rst/lxd_thumbbrowse.html]
[learn.foundry.com/modo/developers/latest/sdk/cpp/_rst/lxd_mesh.html]
[learn.foundry.com/modo/developers/latest/sdk/cpp/_rst/lxd_envelope.html]
[learn.foundry.com/modo/developers/latest/sdk/cpp/_rst/lxd_handles.html]
[learn.foundry.com/modo/developers/latest/sdk/cpp/_rst/lxd_externalrender.html]
[learn.foundry.com/modo/developers/latest/sdk/cpp/_rst/lxd_server.html]
[learn.foundry.com/modo/developers/latest/sdk/cpp/_rst/lxd_file.html]
[learn.foundry.com/modo/developers/latest/sdk/cpp/_rst/lxd_force.html]
[learn.foundry.com/modo/developers/latest/sdk/cpp/_rst/lxd_formsys.html]
[learn.foundry.com/modo/developers/latest/sdk/cpp/_rst/lxd_rendercache.html]
[learn.foundry.com/modo/developers/latest/sdk/cpp/_rst/lxd_draw.html]
[learn.foundry.com/modo/developers/latest/sdk/cpp/_rst/lxd_vp.html]
[learn.foundry.com/modo/developers/latest/sdk/cpp/_rst/lxd_groupui.html]
[learn.foundry.com/modo/developers/latest/sdk/cpp/_rst/lxd_group.html]
[learn.foundry.com/modo/developers/latest/sdk/cpp/_rst/lxd_image.html]
[learn.foundry.com/modo/developers/latest/sdk/cpp/_rst/lxd_imagemon.html]
[learn.foundry.com/modo/developers/latest/sdk/cpp/_rst/lxd_inputmap.html]
[learn.foundry.com/modo/developers/latest/sdk/cpp/_rst/lxd_tableau.html]
[learn.foundry.com/modo/developers/latest/sdk/cpp/_rst/lxd_intrange.html]
[learn.foundry.com/modo/developers/latest/sdk/cpp/_rst/lxd_listcache.html]
[learn.foundry.com/modo/developers/latest/sdk/cpp/_rst/lxd_toolui.html]
[learn.foundry.com/modo/developers/latest/sdk/cpp/_rst/lxd_layer.html]
[learn.foundry.com/modo/developers/latest/sdk/cpp/_rst/lxd_raycast.html]
[learn.foundry.com/modo/developers/latest/sdk/cpp/_rst/lxd_locator.html]
[learn.foundry.com/modo/developers/latest/sdk/cpp/_rst/lxd_log.html]
[learn.foundry.com/modo/developers/latest/sdk/cpp/_rst/lxd_pmodel.html]
[learn.foundry.com/modo/developers/latest/sdk/cpp/_rst/lxd_network.html]
[learn.foundry.com/modo/developers/latest/sdk/cpp/_rst/lxd_notify.html]
[learn.foundry.com/modo/developers/latest/sdk/cpp/_rst/lxd_vector.html]
[learn.foundry.com/modo/developers/latest/sdk/cpp/_rst/lxd_particle.html]
[learn.foundry.com/modo/developers/latest/sdk/cpp/_rst/lxd_pattern.html]
[learn.foundry.com/modo/developers/latest/sdk/cpp/_rst/lxd_pretype.html]
[learn.foundry.com/modo/developers/latest/sdk/cpp/_rst/lxd_persist.html]
[learn.foundry.com/modo/developers/latest/sdk/cpp/_rst/lxd_pvedit.html]
[learn.foundry.com/modo/developers/latest/sdk/cpp/_rst/lxd_preview.html]
[learn.foundry.com/modo/developers/latest/sdk/cpp/_rst/lxd_projdir.html]
[learn.foundry.com/modo/developers/latest/sdk/cpp/_rst/lxd_proxy.html]
[learn.foundry.com/modo/developers/latest/sdk/cpp/_rst/lxd_volume.html]
[learn.foundry.com/modo/developers/latest/sdk/cpp/_rst/lxd_render.html]
[learn.foundry.com/modo/developers/latest/sdk/cpp/_rst/lxd_schematic.html]
[learn.foundry.com/modo/developers/latest/sdk/cpp/_rst/lxd_select.html]
[learn.foundry.com/modo/developers/latest/sdk/cpp/_rst/lxd_shdr.html]
[learn.foundry.com/modo/developers/latest/sdk/cpp/_rst/lxd_poly.html]
[learn.foundry.com/modo/developers/latest/sdk/cpp/_rst/lxd_vertex.html]
[learn.foundry.com/modo/developers/latest/sdk/cpp/_rst/lxd_txtr.html]
[learn.foundry.com/modo/developers/latest/sdk/cpp/_rst/lxd_tree.html]
[learn.foundry.com/modo/developers/latest/sdk/cpp/_rst/lxd_treeview.html]
[learn.foundry.com/modo/developers/latest/sdk/cpp/_rst/lxd_trisurf.html]
[learn.foundry.com/modo/developers/latest/sdk/cpp/_rst/lxd_uiimage.html]
[learn.foundry.com/modo/developers/latest/sdk/cpp/_rst/lxd_undo.html]
[learn.foundry.com/modo/developers/latest/sdk/cpp/_rst/lxd_variation.html]
[learn.foundry.com/modo/developers/latest/sdk/cpp/_rst/lxd_vectortools.html]
[learn.foundry.com/modo/developers/latest/sdk/cpp/_rst/lxd_clip.html]
[learn.foundry.com/modo/developers/latest/sdk/cpp/_rst/lxd_viewobject.html]
[learn.foundry.com/modo/developers/latest/sdk/cpp/_rst/lxd_viewportframe.html]
[learn.foundry.com/modo/developers/latest/sdk/cpp/_rst/lxd_result.html]
[learn.foundry.com/modo/developers/latest/sdk/cpp/_rst/lxd_previewsocket.html]
[learn.foundry.com/modo/developers/latest/sdk/_images/Build_Visual_Studio2010Express_step_1.png]
[learn.foundry.com/modo/developers/latest/sdk/_images/Build_Visual_Studio2010Express_step_2.png]
[learn.foundry.com/modo/developers/latest/sdk/_images/Build_Visual_Studio2010Express_step_3.png]
[learn.foundry.com/modo/developers/latest/sdk/_images/Build_Visual_Studio2010Express_step_3_new.png]
[learn.foundry.com/modo/developers/latest/sdk/_images/Build_Visual_Studio2010Express_step_4.png]
[learn.foundry.com/modo/developers/latest/sdk/_images/Build_Visual_Studio2010Express_step_5.png]
[learn.foundry.com/modo/developers/latest/sdk/_images/Build_Visual_Studio2010Express_step_6.png]
[learn.foundry.com/modo/developers/latest/sdk/_images/Build_Visual_Studio2010Express_step_7.png]
[learn.foundry.com/modo/developers/latest/sdk/_images/Build_Visual_Studio2010Express_step_8.png]
[learn.foundry.com/modo/developers/latest/sdk/_images/Build_Visual_Studio2010Express_step_9.png]
[learn.foundry.com/modo/developers/latest/sdk/_images/Build_Visual_Studio2010Express_step_10.png]
[learn.foundry.com/modo/developers/latest/sdk/_images/Build_Visual_Studio2010Express_step_11.png]
[learn.foundry.com/modo/developers/latest/sdk/_images/Build_Visual_Studio2010Express_step_12.png]
[learn.foundry.com/modo/developers/latest/sdk/_images/Build_Visual_Studio2010Express_step_13.png]
[learn.foundry.com/modo/developers/latest/sdk/_images/Build_Visual_Studio2010Express_step_14.png]
[learn.foundry.com/modo/developers/latest/sdk/_images/Build_Visual_Studio2010Express_step_15.png]
[learn.foundry.com/modo/developers/latest/sdk/_images/Build_Visual_Studio2010Express_step_16.png]
[learn.foundry.com/modo/developers/latest/sdk/_images/Build_Visual_Studio2010Express_step_17.png]
[learn.foundry.com/modo/developers/latest/sdk/_images/Build_Visual_Studio2010Express_step_18.png]
[learn.foundry.com/modo/developers/latest/sdk/_images/VS2017_1.png]
[learn.foundry.com/modo/developers/latest/sdk/_images/VS2017_2.png]
[learn.foundry.com/modo/developers/latest/sdk/_images/VS2017_3.png]
[learn.foundry.com/modo/developers/latest/sdk/_images/VS2017_4.png]
[learn.foundry.com/modo/developers/latest/sdk/_images/VS2017_5.png]
[learn.foundry.com/modo/developers/latest/sdk/_images/VS2017_6.png]
[learn.foundry.com/modo/developers/latest/sdk/_images/VS2017_7.png]
[learn.foundry.com/modo/developers/latest/sdk/_images/VS2017_9.png]
[learn.foundry.com/modo/developers/latest/sdk/_images/VS2017_10.png]
[learn.foundry.com/modo/developers/latest/sdk/_images/VS2017_11.png]
[learn.foundry.com/modo/developers/latest/sdk/pages/starting/Building Plug-ins.html]
[learn.foundry.com/modo/developers/latest/sdk/_downloads/91992df608d513b3c29de373e654c3a6/Cmd_dumpAPI.zip]
[learn.foundry.com/modo/developers/latest/sdk/pages/starting/Code Completion for IDEs.html]
[learn.foundry.com/modo/developers/latest/sdk/pages/starting/Hello World.html]
[learn.foundry.com/modo/developers/latest/sdk/_downloads/e7b2df959e4149762ec3d451e12c1c85/TutoRay.pdf]
[learn.foundry.com/modo/developers/latest/sdk/pages/starting/SDK.html]
[learn.foundry.com/modo/developers/latest/sdk/pages/starting/SDK Basics.html]
[learn.foundry.com/modo/developers/latest/sdk/pages/starting/SDK Guide for Newbies.html]
[learn.foundry.com/modo/developers/latest/sdk/_images/PythonInterpreter.png]
[learn.foundry.com/modo/developers/latest/sdk/pages/starting/Starting Out.html]
[learn.foundry.com/modo/developers/latest/sdk/pages/starting/Tour of the SDK.html]
[learn.foundry.com/modo/developers/latest/sdk/pages/server_basics/Command -  Server basics.html]
[learn.foundry.com/modo/developers/latest/sdk/pages/server_basics/CompShader -  Server basics.html]
[learn.foundry.com/modo/developers/latest/sdk/pages/server_basics/CustomMaterial -  Server basics.html]
[learn.foundry.com/modo/developers/latest/sdk/pages/server_basics/Loader -  Server basics.html]
[learn.foundry.com/modo/developers/latest/sdk/pages/server_basics/Movie -  Server basics.html]
[learn.foundry.com/modo/developers/latest/sdk/pages/server_basics/Package -  Server basics.html]
[learn.foundry.com/modo/developers/latest/sdk/pages/server_basics/Saver -  Server basics.html]
[learn.foundry.com/modo/developers/latest/sdk/pages/server_basics/Server Tags.html]
[learn.foundry.com/modo/developers/latest/sdk/pages/server_basics/TextScriptInterpreter -  Server basics.html]
[learn.foundry.com/modo/developers/latest/sdk/pages/server_basics/TextureEffect -  Server basics.html]
[learn.foundry.com/modo/developers/latest/sdk/pages/server_basics/Value -  Server basics.html]
[learn.foundry.com/modo/developers/latest/sdk/pages/server_basics/ValueTexture -  Server basics.html]
[learn.foundry.com/modo/developers/latest/sdk/pages/general/general/Common Datatypes.html]
[learn.foundry.com/modo/developers/latest/sdk/pages/general/general/File Formats.html]
[learn.foundry.com/modo/developers/latest/sdk/pages/general/general/File Types.html]
[learn.foundry.com/modo/developers/latest/sdk/_images/Pasted_Graphic_3.png]
[learn.foundry.com/modo/developers/latest/sdk/_images/Pasted_Graphic_1.png]
[learn.foundry.com/modo/developers/latest/sdk/_images/Pasted_Graphic_5.png]
[learn.foundry.com/modo/developers/latest/sdk/_images/Pasted_Graphic_7.png]
[learn.foundry.com/modo/developers/latest/sdk/_images/Final.png]
[learn.foundry.com/modo/developers/latest/sdk/_images/Lpk_indexfile.png]
[learn.foundry.com/modo/developers/latest/sdk/_downloads/14c53c3c5eb8426f85496f46fb5c3299/LpkIndexCreator.zip]
[learn.foundry.com/modo/developers/latest/sdk/_images/lpk_ZipFiles.png]
[learn.foundry.com/modo/developers/latest/sdk/pages/general/general/Kits.html]
[learn.foundry.com/modo/developers/latest/sdk/pages/general/general/Overview.html]
[learn.foundry.com/modo/developers/latest/sdk/pages/general/general/Remote Debug example.html]
[learn.foundry.com/modo/developers/latest/sdk/pages/general/general/Remote Debugging.html]
[learn.foundry.com/modo/developers/latest/sdk/pages/general/general/Using External Python Modules and the site-packages D]
[learn.foundry.com/modo/developers/latest/sdk/pages/general/systems/Bonjour.html]
[learn.foundry.com/modo/developers/latest/sdk/pages/general/systems/Command System.html]
[learn.foundry.com/modo/developers/latest/sdk/pages/general/systems/DDE.html]
[learn.foundry.com/modo/developers/latest/sdk/pages/general/systems/Headless.html]
[learn.foundry.com/modo/developers/latest/sdk/pages/general/systems/Interfacing with the Undo System.html]
[learn.foundry.com/modo/developers/latest/sdk/pages/general/systems/Selection System Overview.html]
[learn.foundry.com/modo/developers/latest/sdk/pages/general/systems/Telnet.html]
[learn.foundry.com/modo/developers/latest/sdk/pages/general/serverinfo/CLxImpl Tool.html]
[learn.foundry.com/modo/developers/latest/sdk/pages/general/serverinfo/Channel Modifier.html]
[learn.foundry.com/modo/developers/latest/sdk/pages/general/serverinfo/Global Listener Object.html]
[learn.foundry.com/modo/developers/latest/sdk/pages/general/serverinfo/Mesh Operation - Overview.html]
[learn.foundry.com/modo/developers/latest/sdk/pages/general/serverinfo/Selection Operation - Overview.html]
[learn.foundry.com/modo/developers/latest/sdk/pages/general/serverinfo/Tool Operation - Overview.html]
[learn.foundry.com/modo/developers/latest/sdk/_images/300px-WhiskyTree.png]
[learn.foundry.com/modo/developers/latest/sdk/pages/general/serverinfo/Treeview.html]
[learn.foundry.com/modo/developers/latest/sdk/pages/general/serverinfo/Using a Spawner.html]
[learn.foundry.com/modo/developers/latest/sdk/pages/general/serverinfo/Visitors in Action.html]
[learn.foundry.com/modo/developers/latest/sdk/pages/general/metaclasses/About Metaclasses.html]
[learn.foundry.com/modo/developers/latest/sdk/pages/general/metaclasses/Channel Modifier (metaclass).html]
[learn.foundry.com/modo/developers/latest/sdk/pages/general/metaclasses/Channels (metaclass).html]
[learn.foundry.com/modo/developers/latest/sdk/pages/general/metaclasses/Eval Modifier (metaclass).html]
[learn.foundry.com/modo/developers/latest/sdk/pages/general/metaclasses/Schematic Connection (metaclass).html]
[learn.foundry.com/modo/developers/latest/sdk/pages/general/metaclasses/Value Texture (metaclass).html]
[learn.foundry.com/modo/developers/latest/sdk/pages/general/resources/Community Resources.html]
[learn.foundry.com/modo/developers/latest/sdk/pages/general/resources/External Resources.html]
[learn.foundry.com/modo/developers/latest/sdk/pages/general/resources/Slack Coding Channel.html]
[learn.foundry.com/modo/developers/latest/sdk/pages/ui/App.undoSuspend.html]
[learn.foundry.com/modo/developers/latest/sdk/pages/ui/Argument Types.html]
[learn.foundry.com/modo/developers/latest/sdk/pages/ui/Collapsable and Hideable Viewports.html]
[learn.foundry.com/modo/developers/latest/sdk/pages/ui/Command Dialog Formatting.html]
[learn.foundry.com/modo/developers/latest/sdk/pages/ui/Command Help.html]
[learn.foundry.com/modo/developers/latest/sdk/_images/CHist-CommandEntry.png]
[learn.foundry.com/modo/developers/latest/sdk/_images/CHist-UndoList.png]
[learn.foundry.com/modo/developers/latest/sdk/_images/CHist-History.png]
[learn.foundry.com/modo/developers/latest/sdk/_images/CHist-CommandList.png]
[learn.foundry.com/modo/developers/latest/sdk/_images/CHist-Results.png]
[learn.foundry.com/modo/developers/latest/sdk/pages/ui/Command History Viewport.html]
[learn.foundry.com/modo/developers/latest/sdk/_images/QuickCreate01.png]
[learn.foundry.com/modo/developers/latest/sdk/_images/QuickCreate02.png]
[learn.foundry.com/modo/developers/latest/sdk/_images/ModoModesTail01.png]
[learn.foundry.com/modo/developers/latest/sdk/_images/ModoModesTail02.png]
[learn.foundry.com/modo/developers/latest/sdk/_images/Toolbar.png]
[learn.foundry.com/modo/developers/latest/sdk/_images/CreatePalette.gif]
[learn.foundry.com/modo/developers/latest/sdk/_images/SavePalette.png]
[learn.foundry.com/modo/developers/latest/sdk/_images/Export_Config_Fragment.png]
[learn.foundry.com/modo/developers/latest/sdk/pages/ui/Create A Custom Form.html]
[learn.foundry.com/modo/developers/latest/sdk/_images/Modo-ui-viewport-splitting.png]
[learn.foundry.com/modo/developers/latest/sdk/pages/ui/Creating Layouts.html]
[learn.foundry.com/modo/developers/latest/sdk/pages/ui/Defining Item Categories.html]
[learn.foundry.com/modo/developers/latest/sdk/pages/ui/Dialog Commands.html]
[learn.foundry.com/modo/developers/latest/sdk/_images/EventLog.png]
[learn.foundry.com/modo/developers/latest/sdk/pages/ui/Event Log Viewport.html]
[learn.foundry.com/modo/developers/latest/sdk/pages/ui/Form Categories and Groups.html]
[learn.foundry.com/modo/developers/latest/sdk/_images/300px-FormEditorUI.png]
[learn.foundry.com/modo/developers/latest/sdk/pages/ui/Form Editor.html]
[learn.foundry.com/modo/developers/latest/sdk/pages/ui/Form Filtering.html]
[learn.foundry.com/modo/developers/latest/sdk/pages/ui/Form System.html]
[learn.foundry.com/modo/developers/latest/sdk/pages/ui/Help URLs.html]
[learn.foundry.com/modo/developers/latest/sdk/pages/ui/Icon Resources.html]
[learn.foundry.com/modo/developers/latest/sdk/pages/ui/Layout Windows.html]
[learn.foundry.com/modo/developers/latest/sdk/_images/Projectdialog.jpg]
[learn.foundry.com/modo/developers/latest/sdk/pages/ui/MODO Projects.html]
[learn.foundry.com/modo/developers/latest/sdk/pages/ui/MessageService Reference.html]
[learn.foundry.com/modo/developers/latest/sdk/pages/ui/Modo Markup.html]
[learn.foundry.com/modo/developers/latest/sdk/pages/ui/User Interface and Plug-Ins.html]
[learn.foundry.com/modo/developers/latest/sdk/pages/ui/User Values.html]
[learn.foundry.com/modo/developers/latest/sdk/pages/scripting/AppleScript.html]
[learn.foundry.com/modo/developers/latest/sdk/pages/scripting/Bouncing Ball Script (Transform Channels).html]
[learn.foundry.com/modo/developers/latest/sdk/pages/scripting/ChangeRenderFrameRange Script.html]
[learn.foundry.com/modo/developers/latest/sdk/pages/scripting/Layerservice.html]
[learn.foundry.com/modo/developers/latest/sdk/pages/scripting/Lua.html]
[learn.foundry.com/modo/developers/latest/sdk/pages/scripting/Macros.html]
[learn.foundry.com/modo/developers/latest/sdk/pages/scripting/Perl.html]
[learn.foundry.com/modo/developers/latest/sdk/pages/scripting/Script lua.html]
[learn.foundry.com/modo/developers/latest/sdk/pages/scripting/ScriptQuery Interface 701 Updates.html]
[learn.foundry.com/modo/developers/latest/sdk/pages/scripting/ScriptQuery Overview.html]
[learn.foundry.com/modo/developers/latest/sdk/pages/scripting/Scripting.html]
[learn.foundry.com/modo/developers/latest/sdk/pages/scripting/Scripting Preview.html]
[learn.foundry.com/modo/developers/latest/sdk/pages/faqs/COMFAQs.html]
[learn.foundry.com/modo/developers/latest/sdk/pages/faqs/ChannelFAQs.html]
[learn.foundry.com/modo/developers/latest/sdk/pages/faqs/CppFAQs.html]
[learn.foundry.com/modo/developers/latest/sdk/pages/faqs/GeneralFAQ.html]
[learn.foundry.com/modo/developers/latest/sdk/pages/faqs/ItemFAQs.html]
[learn.foundry.com/modo/developers/latest/sdk/pages/faqs/MeshFAQ.html]
[learn.foundry.com/modo/developers/latest/sdk/pages/faqs/ModifierFAQ.html]
[learn.foundry.com/modo/developers/latest/sdk/pages/faqs/PythonFAQs.html]
[learn.foundry.com/modo/developers/latest/sdk/pages/faqs/SelectionFAQ.html]
[learn.foundry.com/modo/developers/latest/sdk/pages/faqs/TimeFAQs.html]
[learn.foundry.com/modo/developers/latest/sdk/pages/faqs/UIFAQ.html]
[learn.foundry.com/modo/developers/latest/sdk/pages/tutorials/Channel Mod Linear Blend.html]
[learn.foundry.com/modo/developers/latest/sdk/_images/Mathmulti_shot1.png]
[learn.foundry.com/modo/developers/latest/sdk/_images/Mathmulti_shot2.png]
[learn.foundry.com/modo/developers/latest/sdk/_images/Mathmulti_shot3.png]
[learn.foundry.com/modo/developers/latest/sdk/_images/Mathmulti_shot4.png]
[learn.foundry.com/modo/developers/latest/sdk/_images/Mathmulti_shot5.png]
[learn.foundry.com/modo/developers/latest/sdk/pages/tutorials/Channel Mod Math Multi.html]
[learn.foundry.com/modo/developers/latest/sdk/_images/Cmsk.png]
[learn.foundry.com/modo/developers/latest/sdk/pages/tutorials/Channel Mod Simple Kinematics.html]
[learn.foundry.com/modo/developers/latest/sdk/_images/Hsv_shot1.png]
[learn.foundry.com/modo/developers/latest/sdk/pages/tutorials/Color Model HSV.html]
[learn.foundry.com/modo/developers/latest/sdk/_images/Kelvin_shot1.png]
[learn.foundry.com/modo/developers/latest/sdk/pages/tutorials/Colormodel kelvin.html]
[learn.foundry.com/modo/developers/latest/sdk/pages/tutorials/Command VertValue.html]
[learn.foundry.com/modo/developers/latest/sdk/pages/tutorials/Creating a Selection Set.html]
[learn.foundry.com/modo/developers/latest/sdk/_images/600px-Customview_webkit.png]
[learn.foundry.com/modo/developers/latest/sdk/_images/CustomView_Select.png]
[learn.foundry.com/modo/developers/latest/sdk/_images/800px-MyPythonPreview.png]
[learn.foundry.com/modo/developers/latest/sdk/_images/800px-MyOpenGLViewport.png]
[learn.foundry.com/modo/developers/latest/sdk/_images/PythonButtonGroups.png]
[learn.foundry.com/modo/developers/latest/sdk/pages/tutorials/CustomView.html]
[learn.foundry.com/modo/developers/latest/sdk/pages/tutorials/Hello World.html]
[learn.foundry.com/modo/developers/latest/sdk/pages/tutorials/HostService Reference.html]
[learn.foundry.com/modo/developers/latest/sdk/pages/tutorials/Io image raw.html]
[learn.foundry.com/modo/developers/latest/sdk/_images/Geo_menu.png]
[learn.foundry.com/modo/developers/latest/sdk/pages/tutorials/Io scene geo.html]
[learn.foundry.com/modo/developers/latest/sdk/_images/HGPL_SHOT.png]
[learn.foundry.com/modo/developers/latest/sdk/pages/tutorials/Io scene hgpl.html]
[learn.foundry.com/modo/developers/latest/sdk/pages/tutorials/Item Command Arguments.html]
[learn.foundry.com/modo/developers/latest/sdk/_images/gasket_shot1.png]
[learn.foundry.com/modo/developers/latest/sdk/pages/tutorials/Item gasket.html]
[learn.foundry.com/modo/developers/latest/sdk/_images/Sphereshot.png]
[learn.foundry.com/modo/developers/latest/sdk/pages/tutorials/Item mandelbrot.html]
[learn.foundry.com/modo/developers/latest/sdk/_images/Orbshot.png]
[learn.foundry.com/modo/developers/latest/sdk/pages/tutorials/Item orb.html]
[learn.foundry.com/modo/developers/latest/sdk/pages/tutorials/Language Wrappers.html]
[learn.foundry.com/modo/developers/latest/sdk/pages/tutorials/Mesh Operation - Automatic implementation.html]
[learn.foundry.com/modo/developers/latest/sdk/pages/tutorials/Mesh Operation - Example.html]
[learn.foundry.com/modo/developers/latest/sdk/pages/tutorials/Mesh Operation - Manual implementation.html]
[learn.foundry.com/modo/developers/latest/sdk/pages/tutorials/Modo Version History.html]
[learn.foundry.com/modo/developers/latest/sdk/pages/tutorials/Movie cocoaqt.html]
[learn.foundry.com/modo/developers/latest/sdk/pages/tutorials/Multiple Servers in One Module.html]
[learn.foundry.com/modo/developers/latest/sdk/pages/tutorials/Network Rendering.html]
[learn.foundry.com/modo/developers/latest/sdk/pages/tutorials/Package or Item Type (metaclass).html]
[learn.foundry.com/modo/developers/latest/sdk/pages/tutorials/Path Aliases.html]
[learn.foundry.com/modo/developers/latest/sdk/pages/tutorials/Pattern Matching.html]
[learn.foundry.com/modo/developers/latest/sdk/pages/tutorials/PlatformService Reference.html]
[learn.foundry.com/modo/developers/latest/sdk/pages/tutorials/Plug-ins vs. Scripts.html]
[learn.foundry.com/modo/developers/latest/sdk/_images/Pop-up_choice.png]
[learn.foundry.com/modo/developers/latest/sdk/pages/tutorials/Pop-up List Choice.html]
[learn.foundry.com/modo/developers/latest/sdk/pages/tutorials/Preference Forms.html]
[learn.foundry.com/modo/developers/latest/sdk/pages/tutorials/Prepare_Evaluate Protocol.html]
[learn.foundry.com/modo/developers/latest/sdk/pages/tutorials/Preset Browser Filtering.html]
[learn.foundry.com/modo/developers/latest/sdk/pages/tutorials/Preset Browser Paths.html]
[learn.foundry.com/modo/developers/latest/sdk/pages/tutorials/Preview Socket.html]
[learn.foundry.com/modo/developers/latest/sdk/pages/tutorials/Procedural Geometry.html]
[learn.foundry.com/modo/developers/latest/sdk/pages/tutorials/Python.html]
[learn.foundry.com/modo/developers/latest/sdk/pages/tutorials/Python API Overview.html]
[learn.foundry.com/modo/developers/latest/sdk/pages/tutorials/Python Command Overview.html]
[learn.foundry.com/modo/developers/latest/sdk/pages/tutorials/Python Notifier Example.html]
[learn.foundry.com/modo/developers/latest/sdk/pages/tutorials/Python Samples.html]
[learn.foundry.com/modo/developers/latest/sdk/_images/TreeViewSample.png]
[learn.foundry.com/modo/developers/latest/sdk/pages/tutorials/Python Treeview Example.html]
[learn.foundry.com/modo/developers/latest/sdk/pages/tutorials/Python in Modo.html]
[learn.foundry.com/modo/developers/latest/sdk/pages/tutorials/Query Command Values example.html]
[learn.foundry.com/modo/developers/latest/sdk/pages/tutorials/RandomSel Script.html]
[learn.foundry.com/modo/developers/latest/sdk/pages/tutorials/Reading Files with Python.html]
[learn.foundry.com/modo/developers/latest/sdk/pages/tutorials/Reading Persistant Data.html]
[learn.foundry.com/modo/developers/latest/sdk/_images/Dir(polyAccessor).png]
[learn.foundry.com/modo/developers/latest/sdk/pages/tutorials/Reading UV Values.html]
[learn.foundry.com/modo/developers/latest/sdk/pages/tutorials/Render Frame Size.html]
[learn.foundry.com/modo/developers/latest/sdk/pages/tutorials/Scene Query.cpp.html]
[learn.foundry.com/modo/developers/latest/sdk/pages/tutorials/Select.typeFrom.html]
[learn.foundry.com/modo/developers/latest/sdk/pages/tutorials/Selection Operation - Automatic implementation.html]
[learn.foundry.com/modo/developers/latest/sdk/pages/tutorials/Selection Operation - Manual implementation.html]
[learn.foundry.com/modo/developers/latest/sdk/pages/tutorials/Server Tags.html]
[learn.foundry.com/modo/developers/latest/sdk/pages/tutorials/Singleton Listener.html]
[learn.foundry.com/modo/developers/latest/sdk/pages/tutorials/Singleton Polymorph.html]
[learn.foundry.com/modo/developers/latest/sdk/pages/tutorials/Startup Commands.html]
[learn.foundry.com/modo/developers/latest/sdk/pages/tutorials/Symbols defined in the lx package.html]
[learn.foundry.com/modo/developers/latest/sdk/pages/tutorials/Texture test.html]
[learn.foundry.com/modo/developers/latest/sdk/_images/Sphereb4spikey.png]
[learn.foundry.com/modo/developers/latest/sdk/_images/Sphereafterspikey.png]
[learn.foundry.com/modo/developers/latest/sdk/pages/tutorials/Tool spikey.html]
[learn.foundry.com/modo/developers/latest/sdk/pages/tutorials/Using Loader Options.html]
[learn.foundry.com/modo/developers/latest/sdk/pages/tutorials/Writing to the Event Log.html]
[learn.foundry.com/modo/developers/latest/sdk/pages/tutorials/Writing to the modo event log and debugger.html]
[learn.foundry.com/modo/developers/latest/sdk/pages/tutorials/Your First Tool in Modo.html]
[learn.foundry.com/modo/developers/latest/sdk/pages/examples/Channel Modifier Python Wrapper.html]
[learn.foundry.com/modo/developers/latest/sdk/pages/examples/Create Vertex Mesh Operation.html]
[learn.foundry.com/modo/developers/latest/sdk/_images/Sy_cmd_icons.png]
[learn.foundry.com/modo/developers/latest/sdk/pages/examples/Example cmd sy partifymesh.html]
[learn.foundry.com/modo/developers/latest/sdk/pages/examples/File Browser Command.html]
[learn.foundry.com/modo/developers/latest/sdk/pages/examples/Form Command List example.html]
[learn.foundry.com/modo/developers/latest/sdk/pages/examples/Get Scene Savers example.html]
[learn.foundry.com/modo/developers/latest/sdk/pages/examples/Load Clip example.html]
[learn.foundry.com/modo/developers/latest/sdk/pages/examples/Modo Socket comms wrapper.html]
[learn.foundry.com/modo/developers/latest/sdk/pages/examples/PlaneTool example.html]
[learn.foundry.com/modo/developers/latest/sdk/pages/examples/Read a Driven Channel.html]
[learn.foundry.com/modo/developers/latest/sdk/pages/examples/Rebuild Curve.html]
[learn.foundry.com/modo/developers/latest/sdk/pages/examples/Rename Item example.html]
[learn.foundry.com/modo/developers/latest/sdk/pages/examples/Setting a string channels default value.html]
[learn.foundry.com/modo/developers/latest/sdk/pages/examples/Shader Tree Navigation.html]
[learn.foundry.com/modo/developers/latest/sdk/pages/examples/Spherize example.html]
[learn.foundry.com/modo/developers/latest/sdk/pages/examples/Wav Dump example.html]
[learn.foundry.com/modo/developers/latest/sdk/python/_rst/Utils.html]
[learn.foundry.com/modo/developers/latest/sdk/python/_rst/Vector.html]
[learn.foundry.com/modo/developers/latest/sdk/cpp/_rst/lxd_array.html]
[learn.foundry.com/modo/developers/latest/sdk/cpp/_rst/lxd_arrayui.html]
[learn.foundry.com/modo/developers/latest/sdk/cpp/_rst/lxd_canvasitem.html]
[learn.foundry.com/modo/developers/latest/sdk/cpp/_rst/lxd_generic.html]
[learn.foundry.com/modo/developers/latest/sdk/searchindex.js]
[learn.foundry.com/modo/developers/latest/sdk/_static/searchtools.js]
[learn.foundry.com/modo/developers/latest/sdk/_images/Build_Visual_Studio2010Express_step_1.png]
[learn.foundry.com/modo/developers/latest/sdk/_static/fonts/fontawesome-webfont3e6e.eot]
[learn.foundry.com/modo/developers/latest/sdk/_images/Build_Visual_Studio2010Express_step_2.png]
[learn.foundry.com/modo/developers/latest/sdk/_images/Build_Visual_Studio2010Express_step_3.png]
[learn.foundry.com/modo/developers/latest/sdk/_images/Build_Visual_Studio2010Express_step_3_new.png]
[learn.foundry.com/modo/developers/latest/sdk/_images/Build_Visual_Studio2010Express_step_4.png]
[learn.foundry.com/modo/developers/latest/sdk/_images/Build_Visual_Studio2010Express_step_5.png]
[learn.foundry.com/modo/developers/latest/sdk/_images/Build_Visual_Studio2010Express_step_6.png]
[learn.foundry.com/modo/developers/latest/sdk/_static/fonts/fontawesome-webfont.19ad41d.delayed]
[learn.foundry.com/modo/developers/latest/sdk/_images/Build_Visual_Studio2010Express_step_7.png]
[learn.foundry.com/modo/developers/latest/sdk/_images/Build_Visual_Studio2010Express_step_8.png]
[learn.foundry.com/modo/developers/latest/sdk/_images/Build_Visual_Studio2010Express_step_9.png]
[learn.foundry.com/modo/developers/latest/sdk/_images/Build_Visual_Studio2010Express_step_10.png]
[learn.foundry.com/modo/developers/latest/sdk/_images/Build_Visual_Studio2010Express_step_11.png]
[learn.foundry.com/modo/developers/latest/sdk/_images/Build_Visual_Studio2010Express_step_12.png]
[learn.foundry.com/modo/developers/latest/sdk/_static/fonts/fontawesome-webfont3e6e.woff2]
[learn.foundry.com/modo/developers/latest/sdk/_images/Build_Visual_Studio2010Express_step_13.png]
[learn.foundry.com/modo/developers/latest/sdk/_images/Build_Visual_Studio2010Express_step_16.png]
[learn.foundry.com/modo/developers/latest/sdk/_images/Build_Visual_Studio2010Express_step_14.png]
[learn.foundry.com/modo/developers/latest/sdk/_images/Build_Visual_Studio2010Express_step_15.png]
[learn.foundry.com/modo/developers/latest/sdk/_images/Build_Visual_Studio2010Express_step_17.png]
[learn.foundry.com/modo/developers/latest/sdk/_static/fonts/fontawesome-webfont3e6e.woff]
[learn.foundry.com/modo/developers/latest/sdk/_images/Build_Visual_Studio2010Express_step_18.png]
[learn.foundry.com/modo/developers/latest/sdk/_images/VS2017_1.png]
[learn.foundry.com/modo/developers/latest/sdk/_images/VS2017_2.png]
[learn.foundry.com/modo/developers/latest/sdk/_images/VS2017_3.png]
[learn.foundry.com/modo/developers/latest/sdk/_images/VS2017_4.png]
[learn.foundry.com/modo/developers/latest/sdk/_static/fonts/fontawesome-webfont3e6e.ttf]
[learn.foundry.com/modo/developers/latest/sdk/_images/VS2017_5.png]
[learn.foundry.com/modo/developers/latest/sdk/_images/VS2017_6.png]
[learn.foundry.com/modo/developers/latest/sdk/_images/VS2017_7.png]
[learn.foundry.com/modo/developers/latest/sdk/_images/VS2017_9.png]
[learn.foundry.com/modo/developers/latest/sdk/_images/VS2017_11.png]
[learn.foundry.com/modo/developers/latest/sdk/_images/VS2017_10.png]
[learn.foundry.com/modo/developers/latest/sdk/_downloads/e7b2df959e4149762ec3d451e12c1c85/TutoRay.pdf]
[learn.foundry.com/modo/developers/latest/sdk/_downloads/91992df608d513b3c29de373e654c3a6/Cmd_dumpAPI.zip]
[learn.foundry.com/modo/developers/latest/sdk/_images/PythonInterpreter.png]
[learn.foundry.com/modo/developers/latest/sdk/_images/Pasted_Graphic_3.png]
[learn.foundry.com/modo/developers/latest/sdk/_images/Pasted_Graphic_1.png]
[learn.foundry.com/modo/developers/latest/sdk/_static/fonts/Lato/lato-regular.19f.delayed]
[learn.foundry.com/modo/developers/latest/sdk/_images/Pasted_Graphic_5.png]
[learn.foundry.com/modo/developers/latest/sdk/_images/Pasted_Graphic_7.png]
[learn.foundry.com/modo/developers/latest/sdk/_images/Final.png]
[learn.foundry.com/modo/developers/latest/sdk/_images/Lpk_indexfile.png]
[learn.foundry.com/modo/developers/latest/sdk/_images/lpk_ZipFiles.png]
[learn.foundry.com/modo/developers/latest/sdk/_downloads/14c53c3c5eb8426f85496f46fb5c3299/LpkIndexCreator.zip]
[learn.foundry.com/modo/developers/latest/sdk/_static/fonts/Lato/lato-regular.1a0d41d.delayed]
[learn.foundry.com/modo/developers/latest/sdk/_images/300px-WhiskyTree.png]
[learn.foundry.com/modo/developers/latest/sdk/_images/CHist-CommandEntry.png]
[learn.foundry.com/modo/developers/latest/sdk/_images/CHist-UndoList.png]
[learn.foundry.com/modo/developers/latest/sdk/_images/CHist-History.png]
[learn.foundry.com/modo/developers/latest/sdk/_images/CHist-CommandList.png]
[learn.foundry.com/modo/developers/latest/sdk/_images/CHist-Results.png]
[learn.foundry.com/modo/developers/latest/sdk/_static/fonts/Lato/lato-regular.woff2]
[learn.foundry.com/modo/developers/latest/sdk/_images/QuickCreate01.png]
[learn.foundry.com/modo/developers/latest/sdk/_images/QuickCreate02.png]
[learn.foundry.com/modo/developers/latest/sdk/_images/ModoModesTail01.png]
[learn.foundry.com/modo/developers/latest/sdk/_images/ModoModesTail02.png]
[learn.foundry.com/modo/developers/latest/sdk/_images/Toolbar.png]
[learn.foundry.com/modo/developers/latest/sdk/_static/fonts/Lato/lato-regular.woff]
[learn.foundry.com/modo/developers/latest/sdk/_images/CreatePalette.gif]
[learn.foundry.com/modo/developers/latest/sdk/_images/SavePalette.png]
[learn.foundry.com/modo/developers/latest/sdk/_images/Export_Config_Fragment.png]
[learn.foundry.com/modo/developers/latest/sdk/_images/Modo-ui-viewport-splitting.png]
[learn.foundry.com/modo/developers/latest/sdk/_images/EventLog.png]
[learn.foundry.com/modo/developers/latest/sdk/_images/300px-FormEditorUI.png]
[learn.foundry.com/modo/developers/latest/sdk/_static/fonts/Lato/lato-regular.ttf]
[learn.foundry.com/modo/developers/latest/sdk/_images/Projectdialog.jpg]
[learn.foundry.com/modo/developers/latest/sdk/_images/Mathmulti_shot1.png]
[learn.foundry.com/modo/developers/latest/sdk/_images/Mathmulti_shot2.png]
[learn.foundry.com/modo/developers/latest/sdk/_images/Mathmulti_shot3.png]
[learn.foundry.com/modo/developers/latest/sdk/_images/Mathmulti_shot4.png]
[learn.foundry.com/modo/developers/latest/sdk/_static/fonts/Lato/lato-bold.eot]
[learn.foundry.com/modo/developers/latest/sdk/_images/Mathmulti_shot5.png]
[learn.foundry.com/modo/developers/latest/sdk/_images/Cmsk.png]
[learn.foundry.com/modo/developers/latest/sdk/_images/Hsv_shot1.png]
[learn.foundry.com/modo/developers/latest/sdk/_images/Kelvin_shot1.png]
[learn.foundry.com/modo/developers/latest/sdk/_images/600px-Customview_webkit.png]
[learn.foundry.com/modo/developers/latest/sdk/_images/CustomView_Select.png]
[learn.foundry.com/modo/developers/latest/sdk/_static/fonts/Lato/lato-bold.1a5d41d.delayed]
[learn.foundry.com/modo/developers/latest/sdk/_images/800px-MyPythonPreview.png]
[learn.foundry.com/modo/developers/latest/sdk/_images/PythonButtonGroups.png]
[learn.foundry.com/modo/developers/latest/sdk/_images/800px-MyOpenGLViewport.png]
[learn.foundry.com/modo/developers/latest/sdk/_images/Geo_menu.png]
[learn.foundry.com/modo/developers/latest/sdk/_images/gasket_shot1.png]
[learn.foundry.com/modo/developers/latest/sdk/_static/fonts/Lato/lato-bold.woff2]
[learn.foundry.com/modo/developers/latest/sdk/_images/HGPL_SHOT.png]
[learn.foundry.com/modo/developers/latest/sdk/_images/Sphereshot.png]
[learn.foundry.com/modo/developers/latest/sdk/_images/Orbshot.png]
[learn.foundry.com/modo/developers/latest/sdk/_images/Pop-up_choice.png]
[learn.foundry.com/modo/developers/latest/sdk/_images/Dir(polyAccessor).png]
[learn.foundry.com/modo/developers/latest/sdk/_images/TreeViewSample.png]
[learn.foundry.com/modo/developers/latest/sdk/_static/fonts/Lato/lato-bold.woff]
[learn.foundry.com/modo/developers/latest/sdk/_images/Sphereb4spikey.png]
[learn.foundry.com/modo/developers/latest/sdk/_images/Sy_cmd_icons.png]
[learn.foundry.com/modo/developers/latest/sdk/_images/Sphereafterspikey.png]
[learn.foundry.com/modo/developers/latest/sdk/_static/fonts/fontawesome-webfont3e6e.eot]
[learn.foundry.com/modo/developers/latest/sdk/_static/fonts/fontawesome-webfont3e6e.woff2]
[learn.foundry.com/modo/developers/latest/sdk/_static/fonts/Lato/lato-bold.ttf]
[learn.foundry.com/modo/developers/latest/sdk/_static/fonts/fontawesome-webfontd41d.eot]
[learn.foundry.com/modo/developers/latest/sdk/_static/fonts/fontawesome-webfont3e6e.ttf]
[learn.foundry.com/modo/developers/latest/sdk/_static/fonts/Lato/lato-regular.eot]
[learn.foundry.com/modo/developers/latest/sdk/_static/fonts/Lato/lato-regulard41d.eot]
[learn.foundry.com/modo/developers/latest/sdk/_static/fonts/Lato/lato-bolditalic.eot]
[learn.foundry.com/modo/developers/latest/sdk/_static/fonts/Lato/lato-regular.woff]
[learn.foundry.com/modo/developers/latest/sdk/_static/fonts/Lato/lato-regular.woff2]
[learn.foundry.com/modo/developers/latest/sdk/_static/fonts/Lato/lato-bolditalicd41d.eot]
[learn.foundry.com/modo/developers/latest/sdk/_static/fonts/Lato/lato-regular.ttf]
[learn.foundry.com/modo/developers/latest/sdk/_static/fonts/Lato/lato-boldd41d.eot]
[learn.foundry.com/modo/developers/latest/sdk/_static/fonts/Lato/lato-bold.woff]
[learn.foundry.com/modo/developers/latest/sdk/_static/fonts/Lato/lato-bold.eot]
[learn.foundry.com/modo/developers/latest/sdk/_static/fonts/Lato/lato-bolditalic.1ab.delayed]
[learn.foundry.com/modo/developers/latest/sdk/_static/fonts/Lato/lato-bold.woff2]
[learn.foundry.com/modo/developers/latest/sdk/_static/fonts/Lato/lato-bold.ttf]
[learn.foundry.com/modo/developers/latest/sdk/_static/fonts/Lato/lato-bolditalic.eot]
[learn.foundry.com/modo/developers/latest/sdk/_static/fonts/Lato/lato-bolditalicd41d.eot]
[learn.foundry.com/modo/developers/latest/sdk/_static/fonts/Lato/lato-bolditalic.woff]
[learn.foundry.com/modo/developers/latest/sdk/_static/fonts/Lato/lato-bolditalic.woff2]
[learn.foundry.com/modo/developers/latest/sdk/_static/fonts/Lato/lato-bolditalic.ttf]
[learn.foundry.com/modo/developers/latest/sdk/_static/fonts/Lato/lato-italic.eot]
[learn.foundry.com/modo/developers/latest/sdk/_static/fonts/Lato/lato-italicd41d.eot]
[learn.foundry.com/modo/developers/latest/sdk/_static/fonts/Lato/lato-italic.woff2]
[learn.foundry.com/modo/developers/latest/sdk/_static/fonts/Lato/lato-italic.woff]
[learn.foundry.com/modo/developers/latest/sdk/_static/fonts/Lato/lato-italic.ttf]
[learn.foundry.com/modo/developers/latest/sdk/_static/fonts/RobotoSlab/roboto-slab-v7-regulard41d.eot]
[learn.foundry.com/modo/developers/latest/sdk/_static/fonts/RobotoSlab/roboto-slab-v7-regular.woff2]
[learn.foundry.com/modo/developers/latest/sdk/_static/fonts/RobotoSlab/roboto-slab-v7-regular.woff]
[learn.foundry.com/modo/developers/latest/sdk/_static/fonts/RobotoSlab/roboto-slab-v7-regular.ttf]
[learn.foundry.com/modo/developers/latest/sdk/_static/fonts/RobotoSlab/roboto-slab-v7-bold.eot]
[learn.foundry.com/modo/developers/latest/sdk/_static/fonts/RobotoSlab/roboto-slab-v7-boldd41d.eot]
[learn.foundry.com/modo/developers/latest/sdk/_static/fonts/RobotoSlab/roboto-slab-v7-bold.woff2]
[learn.foundry.com/modo/developers/latest/sdk/_static/fonts/RobotoSlab/roboto-slab-v7-bold.woff]
[learn.foundry.com/modo/developers/latest/sdk/_static/fonts/RobotoSlab/roboto-slab-v7-bold.ttf]
[learn.foundry.com/modo/developers/latest/sdk/_static/css/theme.css]
[learn.foundry.com/modo/developers/latest/sdk/_static/pygments.css]
[learn.foundry.com/modo/developers/latest/sdk/_static/css/overrides.css]
[learn.foundry.com/modo/developers/latest/sdk/pages/starting/Building Plug-ins.html]
[learn.foundry.com/modo/developers/latest/sdk/pages/general/general/images/Kits_PackageInstall.html]
[learn.foundry.com/modo/developers/latest/sdk/pages/ui/images/TabHidingTestConfig.html]
[learn.foundry.com/modo/developers/latest/sdk/pages/tutorials/images/CustomView_Webview.html]
[learn.foundry.com/modo/developers/latest/sdk/pages/tutorials/images/PySide_ModoGraphs.html]
[learn.foundry.com/modo/developers/latest/sdk/pages/tutorials/images/MyOpenGLView.html]
[learn.foundry.com/modo/developers/latest/sdk/pages/tutorials/images/Brat1.png]][[File_Brat2.html]
[learn.foundry.com/modo/developers/latest/sdk/_static/fonts/fontawesome-webfont3e6e.svg]
[learn.foundry.com/modo/developers/latest/sdk/_static/fonts/RobotoSlab/roboto-slab.html]
